cargo :     Checking switch-core v0.1.0 (D:\cob2java\GitHub\ISOPaymentEngine\ISO8583PaymentEngine\switch-core)
At line:1 char:1
+ cargo check --workspace > build_output.txt 2>&1
+ ~~~~~~~~~~~~~~~~~~~~~~~~~~~~~~~~~~~~~~~~~~~~~~~
    + CategoryInfo          : NotSpecified: (    Checking sw...ne\switch-core):String) [], RemoteException
    + FullyQualifiedErrorId : NativeCommandError
 
   Compiling sqlx-sqlite v0.7.4
    Checking mock-load-generator v0.1.0 (D:\cob2java\GitHub\ISOPaymentEngine\ISO8583PaymentSimulator)
    Checking test-orchestrator v0.1.0 (D:\cob2java\GitHub\ISOPaymentEngine\test-orchestrator)
warning: variable does not need to be mutable
  --> ISO8583PaymentSimulator\src\bin\mock_hsm.rs:45:17
   |
45 |             let mut p = msg.payload.clone();
   |                 ----^
   |                 |
   |                 help: remove this `mut`
   |
   = note: `#[warn(unused_mut)]` (part of `#[warn(unused)]`) on by default

warning: `mock-load-generator` (bin "mock_hsm") generated 1 warning (run `cargo fix --bin "mock_hsm" -p 
mock-load-generator` to apply 1 suggestion)
error[E0422]: cannot find struct, variant or union type `CanonicalTransaction` in this scope
 --> ISO8583PaymentSimulator\src\bin\debug_dialect.rs:6:18
  |
6 |     let mut tx = CanonicalTransaction {
  |                  ^^^^^^^^^^^^^^^^^^^^ not found in this scope

warning: unused import: `Base24Dialect`
 --> ISO8583PaymentSimulator\src\bin\debug_dialect.rs:1:19
  |
1 | use iso_dialect::{Base24Dialect, DialectRouter};
  |                   ^^^^^^^^^^^^^
  |
  = note: `#[warn(unused_imports)]` (part of `#[warn(unused)]`) on by default

For more information about this error, try `rustc --explain E0422`.
warning: `mock-load-generator` (bin "debug_dialect") generated 1 warning
error: could not compile `mock-load-generator` (bin "debug_dialect") due to 1 previous error; 1 warning emitted
warning: build failed, waiting for other jobs to finish...
error[E0425]: cannot find type `CanonicalTransaction` in this scope
  --> ISO8583PaymentSimulator\src\engine.rs:18:60
   |
18 | fn generate_transaction(profile: &str, rrn_str: String) -> CanonicalTransaction {
   |                                                            ^^^^^^^^^^^^^^^^^^^^ not found in this scope

error[E0422]: cannot find struct, variant or union type `CanonicalTransaction` in this scope
  --> ISO8583PaymentSimulator\src\engine.rs:34:5
   |
34 |     CanonicalTransaction {
   |     ^^^^^^^^^^^^^^^^^^^^ not found in this scope

warning: unused imports: `Receiver`, `Sender`, and `bounded`
 --> ISO8583PaymentSimulator\src\engine.rs:1:26
  |
1 | use crossbeam::channel::{bounded, Receiver, Sender};
  |                          ^^^^^^^  ^^^^^^^^  ^^^^^^
  |
  = note: `#[warn(unused_imports)]` (part of `#[warn(unused)]`) on by default

warning: unused import: `distributions::Alphanumeric`
 --> ISO8583PaymentSimulator\src\engine.rs:2:12
  |
2 | use rand::{distributions::Alphanumeric, Rng};
  |            ^^^^^^^^^^^^^^^^^^^^^^^^^^^

warning: unused import: `HashMap`
 --> ISO8583PaymentSimulator\src\engine.rs:4:24
  |
4 | use std::collections::{HashMap, VecDeque};
  |                        ^^^^^^^

warning: unused imports: `AsyncReadExt` and `AsyncWriteExt`
 --> ISO8583PaymentSimulator\src\engine.rs:8:17
  |
8 | use tokio::io::{AsyncReadExt, AsyncWriteExt};
  |                 ^^^^^^^^^^^^  ^^^^^^^^^^^^^

warning: unused import: `tokio::net::TcpStream`
 --> ISO8583PaymentSimulator\src\engine.rs:9:5
  |
9 | use tokio::net::TcpStream;
  |     ^^^^^^^^^^^^^^^^^^^^^

warning: unused import: `Html`
 --> ISO8583PaymentSimulator\src\main.rs:6:16
  |
6 |     response::{Html, IntoResponse},
  |                ^^^^

error[E0422]: cannot find struct, variant or union type `CanonicalTransaction` in this scope
 --> ISO8583PaymentSimulator\src\bin\debug_pb.rs:6:18
  |
6 |     let mut tx = CanonicalTransaction {
  |                  ^^^^^^^^^^^^^^^^^^^^ not found in this scope

warning: unused import: `Base24Dialect`
 --> ISO8583PaymentSimulator\src\bin\debug_pb.rs:1:19
  |
1 | use iso_dialect::{Base24Dialect, DialectRouter};
  |                   ^^^^^^^^^^^^^
  |
  = note: `#[warn(unused_imports)]` (part of `#[warn(unused)]`) on by default

error[E0433]: failed to resolve: use of unresolved module or unlinked crate `switch_core`
  --> ISO8583PaymentSimulator\src\bin\debug_pb.rs:22:17
   |
22 |     let pb_tx = switch_core::to_pb(&tx);
   |                 ^^^^^^^^^^^ use of unresolved module or unlinked crate `switch_core`
   |
   = help: if you wanted to use a crate named `switch_core`, use `cargo add switch_core` to add it to your `Cargo.toml`

error[E0433]: failed to resolve: use of unresolved module or unlinked crate `switch_core`
  --> ISO8583PaymentSimulator\src\bin\debug_pb.rs:23:26
   |
23 |     let edge_egress_tx = switch_core::from_pb(&pb_tx);
   |                          ^^^^^^^^^^^ use of unresolved module or unlinked crate `switch_core`
   |
   = help: if you wanted to use a crate named `switch_core`, use `cargo add switch_core` to add it to your `Cargo.toml`

Some errors have detailed explanations: E0422, E0433.
For more information about an error, try `rustc --explain E0422`.
error[E0425]: cannot find type `CanonicalTransaction` in module `payment_proto::canonical`
  --> ISO8583PaymentEngine\switch-core\src\lib.rs:12:52
   |
12 | pub fn to_pb(canonical: &payment_proto::canonical::CanonicalTransaction) -> payment_proto::Transaction {
   |                                                    ^^^^^^^^^^^^^^^^^^^^ not found in `payment_proto::canonical`

error[E0425]: cannot find type `CanonicalTransaction` in module `payment_proto::canonical`
  --> ISO8583PaymentEngine\switch-core\src\lib.rs:28:78
   |
28 | pub fn from_pb(pb: &payment_proto::Transaction) -> payment_proto::canonical::CanonicalTransaction {
   |                                                                              ^^^^^^^^^^^^^^^^^^^^ not found in 
`payment_proto::canonical`

error[E0422]: cannot find struct, variant or union type `CanonicalTransaction` in module `payment_proto::canonical`
  --> ISO8583PaymentEngine\switch-core\src\lib.rs:29:31
   |
29 |     payment_proto::canonical::CanonicalTransaction {
   |                               ^^^^^^^^^^^^^^^^^^^^ not found in `payment_proto::canonical`

warning: unused import: `payment_proto::Transaction`
 --> ISO8583PaymentEngine\switch-core\src\context.rs:1:5
  |
1 | use payment_proto::Transaction;
  |     ^^^^^^^^^^^^^^^^^^^^^^^^^^
  |
  = note: `#[warn(unused_imports)]` (part of `#[warn(unused)]`) on by default

warning: unused import: `Mutex`
 --> ISO8583PaymentEngine\switch-core\src\engine.rs:8:22
  |
8 | use std::sync::{Arc, Mutex};
  |                      ^^^^^

warning: unused import: `payment_proto::Transaction`
  --> ISO8583PaymentEngine\switch-core\src\lib.rs:10:5
   |
10 | use payment_proto::Transaction;
   |     ^^^^^^^^^^^^^^^^^^^^^^^^^^

warning: `mock-load-generator` (bin "debug_pb") generated 1 warning
error: could not compile `mock-load-generator` (bin "debug_pb") due to 3 previous errors; 1 warning emitted
Some errors have detailed explanations: E0422, E0425.
warning: `mock-load-generator` (bin "mock-load-generator") generated 6 warnings
error: could not compile `mock-load-generator` (bin "mock-load-generator") due to 2 previous errors; 6 warnings emitted
warning: `switch-core` (lib) generated 3 warnings
error: could not compile `switch-core` (lib) due to 3 previous errors; 3 warnings emitted
